/home/koji/STM32CubeIDE/workspace_srt/H745DiscoTest/CM4/Core/Src/main.c:102:1:__io_putchar	16	static
/home/koji/STM32CubeIDE/workspace_srt/H745DiscoTest/CM4/Core/Src/main.c:134:5:main	40	static
/home/koji/STM32CubeIDE/workspace_srt/H745DiscoTest/CM4/Core/Src/main.c:208:13:MX_ETH_Init	8	static
/home/koji/STM32CubeIDE/workspace_srt/H745DiscoTest/CM4/Core/Src/main.c:256:13:MX_FDCAN1_Init	8	static
/home/koji/STM32CubeIDE/workspace_srt/H745DiscoTest/CM4/Core/Src/main.c:308:13:MX_FDCAN2_Init	8	static
/home/koji/STM32CubeIDE/workspace_srt/H745DiscoTest/CM4/Core/Src/main.c:360:13:MX_LTDC_Init	112	static
/home/koji/STM32CubeIDE/workspace_srt/H745DiscoTest/CM4/Core/Src/main.c:441:13:MX_QUADSPI_Init	8	static
/home/koji/STM32CubeIDE/workspace_srt/H745DiscoTest/CM4/Core/Src/main.c:475:13:MX_SAI2_Init	8	static
/home/koji/STM32CubeIDE/workspace_srt/H745DiscoTest/CM4/Core/Src/main.c:557:13:MX_SDMMC1_MMC_Init	8	static
/home/koji/STM32CubeIDE/workspace_srt/H745DiscoTest/CM4/Core/Src/main.c:587:13:MX_USART3_UART_Init	8	static
/home/koji/STM32CubeIDE/workspace_srt/H745DiscoTest/CM4/Core/Src/main.c:630:6:MX_FMC_Init	40	static
/home/koji/STM32CubeIDE/workspace_srt/H745DiscoTest/CM4/Core/Src/main.c:681:13:MX_GPIO_Init	72	static
/home/koji/STM32CubeIDE/workspace_srt/H745DiscoTest/CM4/Core/Src/main.c:732:6:Error_Handler	4	static
