/home/koji/STM32CubeIDE/workspace_srt/H745DiscoTest/CM4/Core/Src/stm32h7xx_hal_msp.c:62:6:HAL_MspInit	16	static
/home/koji/STM32CubeIDE/workspace_srt/H745DiscoTest/CM4/Core/Src/stm32h7xx_hal_msp.c:84:6:HAL_ETH_MspInit	80	static
/home/koji/STM32CubeIDE/workspace_srt/H745DiscoTest/CM4/Core/Src/stm32h7xx_hal_msp.c:200:6:HAL_ETH_MspDeInit	16	static
/home/koji/STM32CubeIDE/workspace_srt/H745DiscoTest/CM4/Core/Src/stm32h7xx_hal_msp.c:261:6:HAL_FDCAN_MspInit	248	static
/home/koji/STM32CubeIDE/workspace_srt/H745DiscoTest/CM4/Core/Src/stm32h7xx_hal_msp.c:348:6:HAL_FDCAN_MspDeInit	16	static
/home/koji/STM32CubeIDE/workspace_srt/H745DiscoTest/CM4/Core/Src/stm32h7xx_hal_msp.c:401:6:HAL_LTDC_MspInit	256	static
/home/koji/STM32CubeIDE/workspace_srt/H745DiscoTest/CM4/Core/Src/stm32h7xx_hal_msp.c:511:6:HAL_LTDC_MspDeInit	16	static
/home/koji/STM32CubeIDE/workspace_srt/H745DiscoTest/CM4/Core/Src/stm32h7xx_hal_msp.c:577:6:HAL_QSPI_MspInit	248	static
/home/koji/STM32CubeIDE/workspace_srt/H745DiscoTest/CM4/Core/Src/stm32h7xx_hal_msp.c:652:6:HAL_QSPI_MspDeInit	16	static
/home/koji/STM32CubeIDE/workspace_srt/H745DiscoTest/CM4/Core/Src/stm32h7xx_hal_msp.c:689:6:HAL_MMC_MspInit	248	static
/home/koji/STM32CubeIDE/workspace_srt/H745DiscoTest/CM4/Core/Src/stm32h7xx_hal_msp.c:762:6:HAL_MMC_MspDeInit	16	static
/home/koji/STM32CubeIDE/workspace_srt/H745DiscoTest/CM4/Core/Src/stm32h7xx_hal_msp.c:804:6:HAL_UART_MspInit	240	static
/home/koji/STM32CubeIDE/workspace_srt/H745DiscoTest/CM4/Core/Src/stm32h7xx_hal_msp.c:852:6:HAL_UART_MspDeInit	16	static
/home/koji/STM32CubeIDE/workspace_srt/H745DiscoTest/CM4/Core/Src/stm32h7xx_hal_msp.c:877:13:HAL_FMC_MspInit	232	static
/home/koji/STM32CubeIDE/workspace_srt/H745DiscoTest/CM4/Core/Src/stm32h7xx_hal_msp.c:986:6:HAL_SDRAM_MspInit	16	static
/home/koji/STM32CubeIDE/workspace_srt/H745DiscoTest/CM4/Core/Src/stm32h7xx_hal_msp.c:998:13:HAL_FMC_MspDeInit	8	static
/home/koji/STM32CubeIDE/workspace_srt/H745DiscoTest/CM4/Core/Src/stm32h7xx_hal_msp.c:1070:6:HAL_SDRAM_MspDeInit	16	static
/home/koji/STM32CubeIDE/workspace_srt/H745DiscoTest/CM4/Core/Src/stm32h7xx_hal_msp.c:1082:6:HAL_SAI_MspInit	240	static
/home/koji/STM32CubeIDE/workspace_srt/H745DiscoTest/CM4/Core/Src/stm32h7xx_hal_msp.c:1153:6:HAL_SAI_MspDeInit	16	static
