Archive member included to satisfy reference by file (symbol)

/usr/lib/gcc/arm-none-eabi/13.2.1/../../../arm-none-eabi/lib/thumb/v7e-m+dp/hard/libg_nano.a(libc_a-init.o)
                              /usr/lib/gcc/arm-none-eabi/13.2.1/../../../arm-none-eabi/lib/thumb/v7e-m+dp/hard/crt0.o (__libc_init_array)
/usr/lib/gcc/arm-none-eabi/13.2.1/../../../arm-none-eabi/lib/thumb/v7e-m+dp/hard/libg_nano.a(libc_a-memset.o)
                              /usr/lib/gcc/arm-none-eabi/13.2.1/../../../arm-none-eabi/lib/thumb/v7e-m+dp/hard/crt0.o (memset)
/usr/lib/gcc/arm-none-eabi/13.2.1/../../../arm-none-eabi/lib/thumb/v7e-m+dp/hard/libg_nano.a(libc_a-errno.o)
                              CMakeFiles/H745DiscoTest_CM7.dir/Core/Src/sysmem.c.obj (__errno)
/usr/lib/gcc/arm-none-eabi/13.2.1/../../../arm-none-eabi/lib/thumb/v7e-m+dp/hard/libg_nano.a(libc_a-exit.o)
                              /usr/lib/gcc/arm-none-eabi/13.2.1/../../../arm-none-eabi/lib/thumb/v7e-m+dp/hard/crt0.o (exit)
/usr/lib/gcc/arm-none-eabi/13.2.1/../../../arm-none-eabi/lib/thumb/v7e-m+dp/hard/libg_nano.a(libc_a-atexit.o)
                              /usr/lib/gcc/arm-none-eabi/13.2.1/../../../arm-none-eabi/lib/thumb/v7e-m+dp/hard/crt0.o (atexit)
/usr/lib/gcc/arm-none-eabi/13.2.1/../../../arm-none-eabi/lib/thumb/v7e-m+dp/hard/libg_nano.a(libc_a-fini.o)
                              /usr/lib/gcc/arm-none-eabi/13.2.1/../../../arm-none-eabi/lib/thumb/v7e-m+dp/hard/crt0.o (__libc_fini_array)
/usr/lib/gcc/arm-none-eabi/13.2.1/../../../arm-none-eabi/lib/thumb/v7e-m+dp/hard/libg_nano.a(libc_a-impure.o)
                              /usr/lib/gcc/arm-none-eabi/13.2.1/../../../arm-none-eabi/lib/thumb/v7e-m+dp/hard/libg_nano.a(libc_a-errno.o) (_impure_ptr)
/usr/lib/gcc/arm-none-eabi/13.2.1/../../../arm-none-eabi/lib/thumb/v7e-m+dp/hard/libg_nano.a(libc_a-findfp.o)
                              /usr/lib/gcc/arm-none-eabi/13.2.1/../../../arm-none-eabi/lib/thumb/v7e-m+dp/hard/libg_nano.a(libc_a-exit.o) (__stdio_exit_handler)
/usr/lib/gcc/arm-none-eabi/13.2.1/../../../arm-none-eabi/lib/thumb/v7e-m+dp/hard/libg_nano.a(libc_a-fflush.o)
                              /usr/lib/gcc/arm-none-eabi/13.2.1/../../../arm-none-eabi/lib/thumb/v7e-m+dp/hard/libg_nano.a(libc_a-findfp.o) (_fflush_r)
/usr/lib/gcc/arm-none-eabi/13.2.1/../../../arm-none-eabi/lib/thumb/v7e-m+dp/hard/libg_nano.a(libc_a-mallocr.o)
                              /usr/lib/gcc/arm-none-eabi/13.2.1/../../../arm-none-eabi/lib/thumb/v7e-m+dp/hard/libg_nano.a(libc_a-findfp.o) (_malloc_r)
/usr/lib/gcc/arm-none-eabi/13.2.1/../../../arm-none-eabi/lib/thumb/v7e-m+dp/hard/libg_nano.a(libc_a-freer.o)
                              /usr/lib/gcc/arm-none-eabi/13.2.1/../../../arm-none-eabi/lib/thumb/v7e-m+dp/hard/libg_nano.a(libc_a-fflush.o) (_free_r)
/usr/lib/gcc/arm-none-eabi/13.2.1/../../../arm-none-eabi/lib/thumb/v7e-m+dp/hard/libg_nano.a(libc_a-fwalk.o)
                              /usr/lib/gcc/arm-none-eabi/13.2.1/../../../arm-none-eabi/lib/thumb/v7e-m+dp/hard/libg_nano.a(libc_a-findfp.o) (_fwalk_sglue)
/usr/lib/gcc/arm-none-eabi/13.2.1/../../../arm-none-eabi/lib/thumb/v7e-m+dp/hard/libg_nano.a(libc_a-__atexit.o)
                              /usr/lib/gcc/arm-none-eabi/13.2.1/../../../arm-none-eabi/lib/thumb/v7e-m+dp/hard/libg_nano.a(libc_a-atexit.o) (__register_exitproc)
/usr/lib/gcc/arm-none-eabi/13.2.1/../../../arm-none-eabi/lib/thumb/v7e-m+dp/hard/libg_nano.a(libc_a-mlock.o)
                              /usr/lib/gcc/arm-none-eabi/13.2.1/../../../arm-none-eabi/lib/thumb/v7e-m+dp/hard/libg_nano.a(libc_a-mallocr.o) (__malloc_lock)
/usr/lib/gcc/arm-none-eabi/13.2.1/../../../arm-none-eabi/lib/thumb/v7e-m+dp/hard/libg_nano.a(libc_a-sbrkr.o)
                              /usr/lib/gcc/arm-none-eabi/13.2.1/../../../arm-none-eabi/lib/thumb/v7e-m+dp/hard/libg_nano.a(libc_a-mallocr.o) (_sbrk_r)
/usr/lib/gcc/arm-none-eabi/13.2.1/../../../arm-none-eabi/lib/thumb/v7e-m+dp/hard/libg_nano.a(libc_a-stdio.o)
                              /usr/lib/gcc/arm-none-eabi/13.2.1/../../../arm-none-eabi/lib/thumb/v7e-m+dp/hard/libg_nano.a(libc_a-findfp.o) (__sread)
/usr/lib/gcc/arm-none-eabi/13.2.1/../../../arm-none-eabi/lib/thumb/v7e-m+dp/hard/libg_nano.a(libc_a-closer.o)
                              /usr/lib/gcc/arm-none-eabi/13.2.1/../../../arm-none-eabi/lib/thumb/v7e-m+dp/hard/libg_nano.a(libc_a-stdio.o) (_close_r)
/usr/lib/gcc/arm-none-eabi/13.2.1/../../../arm-none-eabi/lib/thumb/v7e-m+dp/hard/libg_nano.a(libc_a-__call_atexit.o)
                              /usr/lib/gcc/arm-none-eabi/13.2.1/../../../arm-none-eabi/lib/thumb/v7e-m+dp/hard/libg_nano.a(libc_a-__atexit.o) (__call_exitprocs)
/usr/lib/gcc/arm-none-eabi/13.2.1/../../../arm-none-eabi/lib/thumb/v7e-m+dp/hard/libg_nano.a(libc_a-readr.o)
                              /usr/lib/gcc/arm-none-eabi/13.2.1/../../../arm-none-eabi/lib/thumb/v7e-m+dp/hard/libg_nano.a(libc_a-stdio.o) (_read_r)
[...]
Memory Configuration

Name             Origin             Length             Attributes
FLASH            0x08000000         0x00100000         xr
RAM              0x20000000         0x00020000         xrw
ITCMRAM          0x00000000         0x00010000         xrw
*default*        0x00000000         0xffffffff

Linker script and memory map

LOAD /usr/lib/gcc/arm-none-eabi/13.2.1/thumb/v7e-m+dp/hard/crti.o
LOAD /usr/lib/gcc/arm-none-eabi/13.2.1/thumb/v7e-m+dp/hard/crtbegin.o
LOAD /usr/lib/gcc/arm-none-eabi/13.2.1/../../../arm-none-eabi/lib/thumb/v7e-m+dp/hard/crt0.o
LOAD CMakeFiles/STM32_Drivers.dir/home/koji/STM32CubeIDE/workspace_srt/H745DiscoTest/Common/Src/system_stm32h7xx_dualcore_boot_cm4_cm7.c.obj
LOAD CMakeFiles/STM32_Drivers.dir/home/koji/STM32CubeIDE/workspace_srt/H745DiscoTest/Drivers/STM32H7xx_HAL_Driver/Src/stm32h7xx_hal_cortex.c.obj
LOAD CMakeFiles/STM32_Drivers.dir/home/koji/STM32CubeIDE/workspace_srt/H745DiscoTest/Drivers/STM32H7xx_HAL_Driver/Src/stm32h7xx_hal_tim.c.obj
LOAD CMakeFiles/STM32_Drivers.dir/home/koji/STM32CubeIDE/workspace_srt/H745DiscoTest/Drivers/STM32H7xx_HAL_Driver/Src/stm32h7xx_hal_tim_ex.c.obj
LOAD CMakeFiles/STM32_Drivers.dir/home/koji/STM32CubeIDE/workspace_srt/H745DiscoTest/Drivers/STM32H7xx_HAL_Driver/Src/stm32h7xx_hal_pwr.c.obj
LOAD CMakeFiles/STM32_Drivers.dir/home/koji/STM32CubeIDE/workspace_srt/H745DiscoTest/Drivers/STM32H7xx_HAL_Driver/Src/stm32h7xx_hal_pwr_ex.c.obj
LOAD CMakeFiles/STM32_Drivers.dir/home/koji/STM32CubeIDE/workspace_srt/H745DiscoTest/Drivers/STM32H7xx_HAL_Driver/Src/stm32h7xx_hal_rcc.c.obj
LOAD CMakeFiles/STM32_Drivers.dir/home/koji/STM32CubeIDE/workspace_srt/H745DiscoTest/Drivers/STM32H7xx_HAL_Driver/Src/stm32h7xx_hal_rcc_ex.c.obj
LOAD CMakeFiles/STM32_Drivers.dir/home/koji/STM32CubeIDE/workspace_srt/H745DiscoTest/Drivers/STM32H7xx_HAL_Driver/Src/stm32h7xx_hal_flash.c.obj
LOAD CMakeFiles/STM32_Drivers.dir/home/koji/STM32CubeIDE/workspace_srt/H745DiscoTest/Drivers/STM32H7xx_HAL_Driver/Src/stm32h7xx_hal_flash_ex.c.obj
LOAD CMakeFiles/STM32_Drivers.dir/home/koji/STM32CubeIDE/workspace_srt/H745DiscoTest/Drivers/STM32H7xx_HAL_Driver/Src/stm32h7xx_hal_gpio.c.obj
LOAD CMakeFiles/STM32_Drivers.dir/home/koji/STM32CubeIDE/workspace_srt/H745DiscoTest/Drivers/STM32H7xx_HAL_Driver/Src/stm32h7xx_hal_hsem.c.obj
LOAD CMakeFiles/STM32_Drivers.dir/home/koji/STM32CubeIDE/workspace_srt/H745DiscoTest/Drivers/STM32H7xx_HAL_Driver/Src/stm32h7xx_hal_dma.c.obj
LOAD CMakeFiles/STM32_Drivers.dir/home/koji/STM32CubeIDE/workspace_srt/H745DiscoTest/Drivers/STM32H7xx_HAL_Driver/Src/stm32h7xx_hal_dma_ex.c.obj
LOAD CMakeFiles/STM32_Drivers.dir/home/koji/STM32CubeIDE/workspace_srt/H745DiscoTest/Drivers/STM32H7xx_HAL_Driver/Src/stm32h7xx_hal_mdma.c.obj
LOAD CMakeFiles/STM32_Drivers.dir/home/koji/STM32CubeIDE/workspace_srt/H745DiscoTest/Drivers/STM32H7xx_HAL_Driver/Src/stm32h7xx_hal.c.obj
LOAD CMakeFiles/STM32_Drivers.dir/home/koji/STM32CubeIDE/workspace_srt/H745DiscoTest/Drivers/STM32H7xx_HAL_Driver/Src/stm32h7xx_hal_i2c.c.obj
LOAD CMakeFiles/STM32_Drivers.dir/home/koji/STM32CubeIDE/workspace_srt/H745DiscoTest/Drivers/STM32H7xx_HAL_Driver/Src/stm32h7xx_hal_i2c_ex.c.obj
LOAD CMakeFiles/STM32_Drivers.dir/home/koji/STM32CubeIDE/workspace_srt/H745DiscoTest/Drivers/STM32H7xx_HAL_Driver/Src/stm32h7xx_hal_exti.c.obj
LOAD CMakeFiles/H745DiscoTest_CM7.dir/Core/Src/main.c.obj
LOAD CMakeFiles/H745DiscoTest_CM7.dir/Core/Src/stm32h7xx_it.c.obj
LOAD CMakeFiles/H745DiscoTest_CM7.dir/Core/Src/stm32h7xx_hal_msp.c.obj
LOAD CMakeFiles/H745DiscoTest_CM7.dir/Core/Src/sysmem.c.obj
LOAD CMakeFiles/H745DiscoTest_CM7.dir/Core/Src/syscalls.c.obj
LOAD CMakeFiles/H745DiscoTest_CM7.dir/Core/Startup/startup_stm32h745xx_CM7.s.obj
LOAD /usr/lib/gcc/arm-none-eabi/13.2.1/../../../arm-none-eabi/lib/thumb/v7e-m+dp/hard/libm.a
START GROUP
LOAD /usr/lib/gcc/arm-none-eabi/13.2.1/thumb/v7e-m+dp/hard/libgcc.a
LOAD /usr/lib/gcc/arm-none-eabi/13.2.1/../../../arm-none-eabi/lib/thumb/v7e-m+dp/hard/libg_nano.a
LOAD /usr/lib/gcc/arm-none-eabi/13.2.1/../../../arm-none-eabi/lib/thumb/v7e-m+dp/hard/libc_nano.a
END GROUP
START GROUP
LOAD /usr/lib/gcc/arm-none-eabi/13.2.1/thumb/v7e-m+dp/hard/libgcc.a
LOAD /usr/lib/gcc/arm-none-eabi/13.2.1/../../../arm-none-eabi/lib/thumb/v7e-m+dp/hard/libc_nano.a
END GROUP
LOAD /usr/lib/gcc/arm-none-eabi/13.2.1/thumb/v7e-m+dp/hard/crtend.o
LOAD /usr/lib/gcc/arm-none-eabi/13.2.1/thumb/v7e-m+dp/hard/crtn.o
                0x20020000                        _estack = 0x20020000
                0x00001000                        _Min_Heap_Size = 0x1000
                0x00000400                        _Min_Stack_Size = 0x400

.isr_vector     0x08000000      0x298
                0x08000000                        . = ALIGN (0x4)
 *(.isr_vector)
 .isr_vector    0x08000000      0x298 CMakeFiles/H745DiscoTest_CM7.dir/Core/Startup/startup_stm32h745xx_CM7.s.obj
                0x08000000                g_pfnVectors
                0x08000298                        . = ALIGN (0x4)

.text           0x08000298     0x2054
                0x08000298                        . = ALIGN (0x4)
 *(.text)
 .text          0x08000298       0x88 /usr/lib/gcc/arm-none-eabi/13.2.1/thumb/v7e-m+dp/hard/crtbegin.o
 .text          0x08000320       0x50 /usr/lib/gcc/arm-none-eabi/13.2.1/../../../arm-none-eabi/lib/thumb/v7e-m+dp/hard/libg_nano.a(libc_a-init.o)
                0x08000320                __libc_init_array
 .text          0x08000370       0xa4 /usr/lib/gcc/arm-none-eabi/13.2.1/../../../arm-none-eabi/lib/thumb/v7e-m+dp/hard/libg_nano.a(libc_a-memset.o)
                0x08000370                memset
 *(.text*)
 .text.SystemInit
                0x08000414      0x15c CMakeFiles/STM32_Drivers.dir/home/koji/STM32CubeIDE/workspace_srt/H745DiscoTest/Common/Src/system_stm32h7xx_dualcore_boot_cm4_cm7.c.obj
                0x08000414                SystemInit
 .text.ExitRun0Mode
                0x08000570       0x18 CMakeFiles/STM32_Drivers.dir/home/koji/STM32CubeIDE/workspace_srt/H745DiscoTest/Common/Src/system_stm32h7xx_dualcore_boot_cm4_cm7.c.obj
                0x08000570                ExitRun0Mode
 .text.__NVIC_SetPriorityGrouping
                0x08000588       0x48 CMakeFiles/STM32_Drivers.dir/home/koji/STM32CubeIDE/workspace_srt/H745DiscoTest/Drivers/STM32H7xx_HAL_Driver/Src/stm32h7xx_hal_cortex.c.obj
 .text.__NVIC_GetPriorityGrouping
                0x080005d0       0x1c CMakeFiles/STM32_Drivers.dir/home/koji/STM32CubeIDE/workspace_srt/H745DiscoTest/Drivers/STM32H7xx_HAL_Driver/Src/stm32h7xx_hal_cortex.c.obj
 .text.__NVIC_SetPriority
                0x080005ec       0x54 CMakeFiles/STM32_Drivers.dir/home/koji/STM32CubeIDE/workspace_srt/H745DiscoTest/Drivers/STM32H7xx_HAL_Driver/Src/stm32h7xx_hal_cortex.c.obj
 .text.NVIC_EncodePriority
                0x08000640       0x66 CMakeFiles/STM32_Drivers.dir/home/koji/STM32CubeIDE/workspace_srt/H745DiscoTest/Drivers/STM32H7xx_HAL_Driver/Src/stm32h7xx_hal_cortex.c.obj
 *fill*         0x080006a6        0x2 
 .text.SysTick_Config
                0x080006a8       0x44 CMakeFiles/STM32_Drivers.dir/home/koji/STM32CubeIDE/workspace_srt/H745DiscoTest/Drivers/STM32H7xx_HAL_Driver/Src/stm32h7xx_hal_cortex.c.obj
 .text.HAL_NVIC_SetPriorityGrouping
                0x080006ec       0x16 CMakeFiles/STM32_Drivers.dir/home/koji/STM32CubeIDE/workspace_srt/H745DiscoTest/Drivers/STM32H7xx_HAL_Driver/Src/stm32h7xx_hal_cortex.c.obj
                0x080006ec                HAL_NVIC_SetPriorityGrouping
 .text.HAL_NVIC_SetPriority
                0x08000702       0x34 CMakeFiles/STM32_Drivers.dir/home/koji/STM32CubeIDE/workspace_srt/H745DiscoTest/Drivers/STM32H7xx_HAL_Driver/Src/stm32h7xx_hal_cortex.c.obj
                0x08000702                HAL_NVIC_SetPriority
 .text.HAL_SYSTICK_Config
                0x08000736       0x18 CMakeFiles/STM32_Drivers.dir/home/koji/STM32CubeIDE/workspace_srt/H745DiscoTest/Drivers/STM32H7xx_HAL_Driver/Src/stm32h7xx_hal_cortex.c.obj
                0x08000736                HAL_SYSTICK_Config
 *fill*         0x0800074e        0x2 
 .text.HAL_MPU_Disable
                0x08000750       0x30 CMakeFiles/STM32_Drivers.dir/home/koji/STM32CubeIDE/workspace_srt/H745DiscoTest/Drivers/STM32H7xx_HAL_Driver/Src/stm32h7xx_hal_cortex.c.obj
                0x08000750                HAL_MPU_Disable
 .text.HAL_MPU_Enable
                0x08000780       0x40 CMakeFiles/STM32_Drivers.dir/home/koji/STM32CubeIDE/workspace_srt/H745DiscoTest/Drivers/STM32H7xx_HAL_Driver/Src/stm32h7xx_hal_cortex.c.obj
                0x08000780                HAL_MPU_Enable
 .text.HAL_MPU_ConfigRegion
                0x080007c0       0x80 CMakeFiles/STM32_Drivers.dir/home/koji/STM32CubeIDE/workspace_srt/H745DiscoTest/Drivers/STM32H7xx_HAL_Driver/Src/stm32h7xx_hal_cortex.c.obj
                0x080007c0                HAL_MPU_ConfigRegion
 .text.HAL_PWREx_ConfigSupply
                0x08000840       0xb4 CMakeFiles/STM32_Drivers.dir/home/koji/STM32CubeIDE/workspace_srt/H745DiscoTest/Drivers/STM32H7xx_HAL_Driver/Src/stm32h7xx_hal_pwr_ex.c.obj
                0x08000840                HAL_PWREx_ConfigSupply
 .text.HAL_RCC_OscConfig
                0x080008f4      0x8b4 CMakeFiles/STM32_Drivers.dir/home/koji/STM32CubeIDE/workspace_srt/H745DiscoTest/Drivers/STM32H7xx_HAL_Driver/Src/stm32h7xx_hal_rcc.c.obj
                0x080008f4                HAL_RCC_OscConfig
 .text.HAL_RCC_ClockConfig
                0x080011a8      0x36c CMakeFiles/STM32_Drivers.dir/home/koji/STM32CubeIDE/workspace_srt/H745DiscoTest/Drivers/STM32H7xx_HAL_Driver/Src/stm32h7xx_hal_rcc.c.obj
                0x080011a8                HAL_RCC_ClockConfig
 .text.HAL_RCC_GetSysClockFreq
                0x08001514      0x2f4 CMakeFiles/STM32_Drivers.dir/home/koji/STM32CubeIDE/workspace_srt/H745DiscoTest/Drivers/STM32H7xx_HAL_Driver/Src/stm32h7xx_hal_rcc.c.obj
                0x08001514                HAL_RCC_GetSysClockFreq
 .text.HAL_GPIO_Init
                0x08001808      0x374 CMakeFiles/STM32_Drivers.dir/home/koji/STM32CubeIDE/workspace_srt/H745DiscoTest/Drivers/STM32H7xx_HAL_Driver/Src/stm32h7xx_hal_gpio.c.obj
                0x08001808                HAL_GPIO_Init
 .text.HAL_GPIO_WritePin
                0x08001b7c       0x32 CMakeFiles/STM32_Drivers.dir/home/koji/STM32CubeIDE/workspace_srt/H745DiscoTest/Drivers/STM32H7xx_HAL_Driver/Src/stm32h7xx_hal_gpio.c.obj
                0x08001b7c                HAL_GPIO_WritePin
 .text.HAL_GPIO_TogglePin
                0x08001bae       0x34 CMakeFiles/STM32_Drivers.dir/home/koji/STM32CubeIDE/workspace_srt/H745DiscoTest/Drivers/STM32H7xx_HAL_Driver/Src/stm32h7xx_hal_gpio.c.obj
                0x08001bae                HAL_GPIO_TogglePin
 *fill*         0x08001be2        0x2 
 .text.HAL_HSEM_FastTake
                0x08001be4       0x34 CMakeFiles/STM32_Drivers.dir/home/koji/STM32CubeIDE/workspace_srt/H745DiscoTest/Drivers/STM32H7xx_HAL_Driver/Src/stm32h7xx_hal_hsem.c.obj
                0x08001be4                HAL_HSEM_FastTake
 .text.HAL_HSEM_Release
                0x08001c18       0x28 CMakeFiles/STM32_Drivers.dir/home/koji/STM32CubeIDE/workspace_srt/H745DiscoTest/Drivers/STM32H7xx_HAL_Driver/Src/stm32h7xx_hal_hsem.c.obj
                0x08001c18                HAL_HSEM_Release
 .text.HAL_Init
                0x08001c40       0x78 CMakeFiles/STM32_Drivers.dir/home/koji/STM32CubeIDE/workspace_srt/H745DiscoTest/Drivers/STM32H7xx_HAL_Driver/Src/stm32h7xx_hal.c.obj
                0x08001c40                HAL_Init
 .text.HAL_InitTick
                0x08001cb8       0x6c CMakeFiles/STM32_Drivers.dir/home/koji/STM32CubeIDE/workspace_srt/H745DiscoTest/Drivers/STM32H7xx_HAL_Driver/Src/stm32h7xx_hal.c.obj
                0x08001cb8                HAL_InitTick
 .text.HAL_IncTick
                0x08001d24       0x28 CMakeFiles/STM32_Drivers.dir/home/koji/STM32CubeIDE/workspace_srt/H745DiscoTest/Drivers/STM32H7xx_HAL_Driver/Src/stm32h7xx_hal.c.obj
                0x08001d24                HAL_IncTick
 .text.HAL_GetTick
                0x08001d4c       0x18 CMakeFiles/STM32_Drivers.dir/home/koji/STM32CubeIDE/workspace_srt/H745DiscoTest/Drivers/STM32H7xx_HAL_Driver/Src/stm32h7xx_hal.c.obj
                0x08001d4c                HAL_GetTick
 .text.HAL_Delay
                0x08001d64       0x48 CMakeFiles/STM32_Drivers.dir/home/koji/STM32CubeIDE/workspace_srt/H745DiscoTest/Drivers/STM32H7xx_HAL_Driver/Src/stm32h7xx_hal.c.obj
                0x08001d64                HAL_Delay
 .text.HAL_GetREVID
                0x08001dac       0x18 CMakeFiles/STM32_Drivers.dir/home/koji/STM32CubeIDE/workspace_srt/H745DiscoTest/Drivers/STM32H7xx_HAL_Driver/Src/stm32h7xx_hal.c.obj
                0x08001dac                HAL_GetREVID
 .text.main     0x08001dc4       0xac CMakeFiles/H745DiscoTest_CM7.dir/Core/Src/main.c.obj
                0x08001dc4                main
 .text.SystemClock_Config
                0x08001e70       0xf8 CMakeFiles/H745DiscoTest_CM7.dir/Core/Src/main.c.obj
                0x08001e70                SystemClock_Config
 .text.MX_GPIO_Init
                0x08001f68      0x21c CMakeFiles/H745DiscoTest_CM7.dir/Core/Src/main.c.obj
 .text.MPU_Config
                0x08002184       0x58 CMakeFiles/H745DiscoTest_CM7.dir/Core/Src/main.c.obj
 .text.Error_Handler
                0x080021dc        0xc CMakeFiles/H745DiscoTest_CM7.dir/Core/Src/main.c.obj
                0x080021dc                Error_Handler
 .text.NMI_Handler
                0x080021e8        0x8 CMakeFiles/H745DiscoTest_CM7.dir/Core/Src/stm32h7xx_it.c.obj
                0x080021e8                NMI_Handler
 .text.HardFault_Handler
                0x080021f0        0x8 CMakeFiles/H745DiscoTest_CM7.dir/Core/Src/stm32h7xx_it.c.obj
                0x080021f0                HardFault_Handler
 .text.MemManage_Handler
                0x080021f8        0x8 CMakeFiles/H745DiscoTest_CM7.dir/Core/Src/stm32h7xx_it.c.obj
                0x080021f8                MemManage_Handler
 .text.BusFault_Handler
                0x08002200        0x8 CMakeFiles/H745DiscoTest_CM7.dir/Core/Src/stm32h7xx_it.c.obj
                0x08002200                BusFault_Handler
 .text.UsageFault_Handler
                0x08002208        0x8 CMakeFiles/H745DiscoTest_CM7.dir/Core/Src/stm32h7xx_it.c.obj
                0x08002208                UsageFault_Handler
 .text.SVC_Handler
                0x08002210        0xe CMakeFiles/H745DiscoTest_CM7.dir/Core/Src/stm32h7xx_it.c.obj
                0x08002210                SVC_Handler
 .text.DebugMon_Handler
                0x0800221e        0xe CMakeFiles/H745DiscoTest_CM7.dir/Core/Src/stm32h7xx_it.c.obj
                0x0800221e                DebugMon_Handler
 .text.PendSV_Handler
                0x0800222c        0xe CMakeFiles/H745DiscoTest_CM7.dir/Core/Src/stm32h7xx_it.c.obj
                0x0800222c                PendSV_Handler
 .text.SysTick_Handler
                0x0800223a        0xc CMakeFiles/H745DiscoTest_CM7.dir/Core/Src/stm32h7xx_it.c.obj
                0x0800223a                SysTick_Handler
 *fill*         0x08002246        0x2 
 .text.HAL_MspInit
                0x08002248       0x34 CMakeFiles/H745DiscoTest_CM7.dir/Core/Src/stm32h7xx_hal_msp.c.obj
                0x08002248                HAL_MspInit
 .text.Reset_Handler
                0x0800227c       0x54 CMakeFiles/H745DiscoTest_CM7.dir/Core/Startup/startup_stm32h745xx_CM7.s.obj
                0x0800227c                Reset_Handler
 .text.Default_Handler
                0x080022d0        0x2 CMakeFiles/H745DiscoTest_CM7.dir/Core/Startup/startup_stm32h745xx_CM7.s.obj
                0x080022d0                RTC_Alarm_IRQHandler
                0x080022d0                EXTI2_IRQHandler
                0x080022d0                TIM8_CC_IRQHandler
                0x080022d0                HRTIM1_Master_IRQHandler
                0x080022d0                UART8_IRQHandler
                0x080022d0                SPI4_IRQHandler
                0x080022d0                TIM1_CC_IRQHandler
                0x080022d0                BDMA_Channel6_IRQHandler
                0x080022d0                DMA2_Stream5_IRQHandler
                0x080022d0                HRTIM1_FLT_IRQHandler
                0x080022d0                JPEG_IRQHandler
                0x080022d0                DMA1_Stream5_IRQHandler
                0x080022d0                BDMA_Channel1_IRQHandler
                0x080022d0                HRTIM1_TIMD_IRQHandler
                0x080022d0                TAMP_STAMP_IRQHandler
                0x080022d0                EXTI3_IRQHandler
                0x080022d0                LPTIM4_IRQHandler
                0x080022d0                TIM8_TRG_COM_TIM14_IRQHandler
                0x080022d0                LPTIM2_IRQHandler
                0x080022d0                DFSDM1_FLT1_IRQHandler
                0x080022d0                DMAMUX2_OVR_IRQHandler
                0x080022d0                TIM8_UP_TIM13_IRQHandler
                0x080022d0                I2C3_ER_IRQHandler
                0x080022d0                DFSDM1_FLT2_IRQHandler
                0x080022d0                MDMA_IRQHandler
                0x080022d0                LPTIM3_IRQHandler
                0x080022d0                HSEM1_IRQHandler
                0x080022d0                EXTI0_IRQHandler
                0x080022d0                I2C2_EV_IRQHandler
                0x080022d0                DMA1_Stream2_IRQHandler
                0x080022d0                FPU_IRQHandler
                0x080022d0                OTG_HS_WKUP_IRQHandler
                0x080022d0                FDCAN1_IT1_IRQHandler
                0x080022d0                LTDC_ER_IRQHandler
                0x080022d0                DMA2_Stream2_IRQHandler
                0x080022d0                HRTIM1_TIME_IRQHandler
                0x080022d0                SPI1_IRQHandler
                0x080022d0                TIM6_DAC_IRQHandler
                0x080022d0                DCMI_IRQHandler
                0x080022d0                HRTIM1_TIMC_IRQHandler
                0x080022d0                DMA2_Stream3_IRQHandler
                0x080022d0                SAI2_IRQHandler
                0x080022d0                DFSDM1_FLT3_IRQHandler
                0x080022d0                USART6_IRQHandler
                0x080022d0                TIM17_IRQHandler
                0x080022d0                USART3_IRQHandler
                0x080022d0                BDMA_Channel7_IRQHandler
                0x080022d0                LPTIM5_IRQHandler
                0x080022d0                UART5_IRQHandler
                0x080022d0                ADC3_IRQHandler
                0x080022d0                DMA2_Stream0_IRQHandler
                0x080022d0                TIM4_IRQHandler
                0x080022d0                BDMA_Channel2_IRQHandler
                0x080022d0                QUADSPI_IRQHandler
                0x080022d0                I2C1_EV_IRQHandler
                0x080022d0                DMA1_Stream6_IRQHandler
                0x080022d0                DMAMUX1_OVR_IRQHandler
                0x080022d0                DMA1_Stream1_IRQHandler
                0x080022d0                TIM16_IRQHandler
                0x080022d0                UART4_IRQHandler
                0x080022d0                BDMA_Channel5_IRQHandler
                0x080022d0                TIM3_IRQHandler
                0x080022d0                RCC_IRQHandler
                0x080022d0                TIM8_BRK_TIM12_IRQHandler
                0x080022d0                TIM1_TRG_COM_IRQHandler
                0x080022d0                Default_Handler
                0x080022d0                ECC_IRQHandler
                0x080022d0                CEC_IRQHandler
                0x080022d0                EXTI15_10_IRQHandler
                0x080022d0                BDMA_Channel0_IRQHandler
                0x080022d0                ADC_IRQHandler
                0x080022d0                DMA1_Stream7_IRQHandler
                0x080022d0                HRTIM1_TIMA_IRQHandler
                0x080022d0                SPI5_IRQHandler
                0x080022d0                TIM7_IRQHandler
                0x080022d0                SDMMC1_IRQHandler
                0x080022d0                TIM5_IRQHandler
                0x080022d0                DMA2_Stream7_IRQHandler
                0x080022d0                TIM15_IRQHandler
                0x080022d0                PVD_AVD_IRQHandler
                0x080022d0                I2C3_EV_IRQHandler
                0x080022d0                EXTI9_5_IRQHandler
                0x080022d0                RTC_WKUP_IRQHandler
                0x080022d0                LTDC_IRQHandler
                0x080022d0                SAI3_IRQHandler
                0x080022d0                ETH_WKUP_IRQHandler
                0x080022d0                SPDIF_RX_IRQHandler
                0x080022d0                SPI2_IRQHandler
                0x080022d0                OTG_HS_EP1_IN_IRQHandler
                0x080022d0                DMA1_Stream0_IRQHandler
                0x080022d0                CRS_IRQHandler
                0x080022d0                CM7_SEV_IRQHandler
                0x080022d0                EXTI4_IRQHandler
                0x080022d0                RNG_IRQHandler
                0x080022d0                CM4_SEV_IRQHandler
                0x080022d0                HRTIM1_TIMB_IRQHandler
                0x080022d0                FDCAN2_IT1_IRQHandler
                0x080022d0                ETH_IRQHandler
                0x080022d0                TIM1_UP_IRQHandler
                0x080022d0                WWDG_RST_IRQHandler
                0x080022d0                BDMA_Channel4_IRQHandler
                0x080022d0                OTG_HS_EP1_OUT_IRQHandler
                0x080022d0                WWDG_IRQHandler
                0x080022d0                SPI6_IRQHandler
                0x080022d0                MDIOS_IRQHandler
                0x080022d0                I2C4_EV_IRQHandler
                0x080022d0                FDCAN2_IT0_IRQHandler
                0x080022d0                LPUART1_IRQHandler
                0x080022d0                FDCAN1_IT0_IRQHandler
                0x080022d0                TIM2_IRQHandler
                0x080022d0                OTG_FS_WKUP_IRQHandler
                0x080022d0                OTG_HS_IRQHandler
                0x080022d0                HSEM2_IRQHandler
                0x080022d0                DMA2D_IRQHandler
                0x080022d0                TIM1_BRK_IRQHandler
                0x080022d0                EXTI1_IRQHandler
                0x080022d0                SDMMC2_IRQHandler
                0x080022d0                OTG_FS_EP1_OUT_IRQHandler
                0x080022d0                BDMA_Channel3_IRQHandler
                0x080022d0                HOLD_CORE_IRQHandler
                0x080022d0                UART7_IRQHandler
                0x080022d0                MDIOS_WKUP_IRQHandler
                0x080022d0                USART2_IRQHandler
                0x080022d0                DFSDM1_FLT0_IRQHandler
                0x080022d0                SAI4_IRQHandler
                0x080022d0                I2C2_ER_IRQHandler
                0x080022d0                DMA2_Stream1_IRQHandler
                0x080022d0                FLASH_IRQHandler
                0x080022d0                DMA2_Stream4_IRQHandler
                0x080022d0                USART1_IRQHandler
                0x080022d0                OTG_FS_IRQHandler
                0x080022d0                SPI3_IRQHandler
                0x080022d0                WAKEUP_PIN_IRQHandler
                0x080022d0                DMA1_Stream4_IRQHandler
                0x080022d0                OTG_FS_EP1_IN_IRQHandler
                0x080022d0                I2C1_ER_IRQHandler
                0x080022d0                FMC_IRQHandler
                0x080022d0                FDCAN_CAL_IRQHandler
                0x080022d0                SWPMI1_IRQHandler
                0x080022d0                COMP1_IRQHandler
                0x080022d0                LPTIM1_IRQHandler
                0x080022d0                I2C4_ER_IRQHandler
                0x080022d0                DMA2_Stream6_IRQHandler
                0x080022d0                SAI1_IRQHandler
                0x080022d0                DMA1_Stream3_IRQHandler
 *(.glue_7)
 .glue_7        0x080022d2        0x0 linker stubs
 *(.glue_7t)
 .glue_7t       0x080022d2        0x0 linker stubs
 *(.eh_frame)
 *fill*         0x080022d2        0x2 
 .eh_frame      0x080022d4        0x0 /usr/lib/gcc/arm-none-eabi/13.2.1/thumb/v7e-m+dp/hard/crtbegin.o
 *(.init)
 .init          0x080022d4        0x4 /usr/lib/gcc/arm-none-eabi/13.2.1/thumb/v7e-m+dp/hard/crti.o
                0x080022d4                _init
 .init          0x080022d8        0x8 /usr/lib/gcc/arm-none-eabi/13.2.1/thumb/v7e-m+dp/hard/crtn.o
 *(.fini)
 .fini          0x080022e0        0x4 /usr/lib/gcc/arm-none-eabi/13.2.1/thumb/v7e-m+dp/hard/crti.o
                0x080022e0                _fini
 .fini          0x080022e4        0x8 /usr/lib/gcc/arm-none-eabi/13.2.1/thumb/v7e-m+dp/hard/crtn.o
                0x080022ec                        . = ALIGN (0x4)
                0x080022ec                        _etext = .

.vfp11_veneer   0x080022ec        0x0
 .vfp11_veneer  0x080022ec        0x0 linker stubs

.v4_bx          0x080022ec        0x0
 .v4_bx         0x080022ec        0x0 linker stubs

.iplt           0x080022ec        0x0
 .iplt          0x080022ec        0x0 /usr/lib/gcc/arm-none-eabi/13.2.1/thumb/v7e-m+dp/hard/crtbegin.o

.rodata         0x080022ec       0x10
                0x080022ec                        . = ALIGN (0x4)
 *(.rodata)
 *(.rodata*)
 .rodata.D1CorePrescTable
                0x080022ec       0x10 CMakeFiles/STM32_Drivers.dir/home/koji/STM32CubeIDE/workspace_srt/H745DiscoTest/Common/Src/system_stm32h7xx_dualcore_boot_cm4_cm7.c.obj
                0x080022ec                D1CorePrescTable
                0x080022fc                        . = ALIGN (0x4)

.ARM.extab      0x080022fc        0x0
                0x080022fc                        . = ALIGN (0x4)
 *(.ARM.extab* .gnu.linkonce.armextab.*)
                0x080022fc                        . = ALIGN (0x4)

.ARM            0x080022fc        0x0
                0x080022fc                        . = ALIGN (0x4)
                0x080022fc                        __exidx_start = .
 *(.ARM.exidx*)
                0x080022fc                        __exidx_end = .
                0x080022fc                        . = ALIGN (0x4)

.preinit_array  0x080022fc        0x0
                0x080022fc                        . = ALIGN (0x4)
                0x080022fc                        PROVIDE (__preinit_array_start = .)
 *(.preinit_array*)
                0x080022fc                        PROVIDE (__preinit_array_end = .)
                0x080022fc                        . = ALIGN (0x4)

.init_array     0x080022fc        0x4
                0x080022fc                        . = ALIGN (0x4)
                0x080022fc                        PROVIDE (__init_array_start = .)
 *(SORT_BY_NAME(.init_array.*))
 *(.init_array*)
 .init_array    0x080022fc        0x4 /usr/lib/gcc/arm-none-eabi/13.2.1/thumb/v7e-m+dp/hard/crtbegin.o
                0x08002300                        PROVIDE (__init_array_end = .)
                0x08002300                        . = ALIGN (0x4)

.fini_array     0x08002300        0x4
                0x08002300                        . = ALIGN (0x4)
                0x08002300                        PROVIDE (__fini_array_start = .)
 *(SORT_BY_NAME(.fini_array.*))
 *(.fini_array*)
 .fini_array    0x08002300        0x4 /usr/lib/gcc/arm-none-eabi/13.2.1/thumb/v7e-m+dp/hard/crtbegin.o
                0x08002304                        PROVIDE (__fini_array_end = .)
                0x08002304                        . = ALIGN (0x4)
                0x08002304                        _sidata = LOADADDR (.data)

.rel.dyn        0x08002304        0x0
 .rel.iplt      0x08002304        0x0 /usr/lib/gcc/arm-none-eabi/13.2.1/thumb/v7e-m+dp/hard/crtbegin.o

.data           0x20000000       0x10 load address 0x08002304
                0x20000000                        . = ALIGN (0x4)
                0x20000000                        _sdata = .
 *(.data)
 *(.data*)
 .data.SystemCoreClock
                0x20000000        0x4 CMakeFiles/STM32_Drivers.dir/home/koji/STM32CubeIDE/workspace_srt/H745DiscoTest/Common/Src/system_stm32h7xx_dualcore_boot_cm4_cm7.c.obj
                0x20000000                SystemCoreClock
 .data.SystemD2Clock
                0x20000004        0x4 CMakeFiles/STM32_Drivers.dir/home/koji/STM32CubeIDE/workspace_srt/H745DiscoTest/Common/Src/system_stm32h7xx_dualcore_boot_cm4_cm7.c.obj
                0x20000004                SystemD2Clock
 .data.uwTickPrio
                0x20000008        0x4 CMakeFiles/STM32_Drivers.dir/home/koji/STM32CubeIDE/workspace_srt/H745DiscoTest/Drivers/STM32H7xx_HAL_Driver/Src/stm32h7xx_hal.c.obj
                0x20000008                uwTickPrio
 .data.uwTickFreq
                0x2000000c        0x1 CMakeFiles/STM32_Drivers.dir/home/koji/STM32CubeIDE/workspace_srt/H745DiscoTest/Drivers/STM32H7xx_HAL_Driver/Src/stm32h7xx_hal.c.obj
                0x2000000c                uwTickFreq
                0x20000010                        . = ALIGN (0x4)
 *fill*         0x2000000d        0x3 

.tm_clone_table
                0x20000010        0x0 load address 0x08002314
 .tm_clone_table
                0x20000010        0x0 /usr/lib/gcc/arm-none-eabi/13.2.1/thumb/v7e-m+dp/hard/crtbegin.o
 .tm_clone_table
                0x20000010        0x0 /usr/lib/gcc/arm-none-eabi/13.2.1/thumb/v7e-m+dp/hard/crtend.o

.igot.plt       0x20000010        0x0 load address 0x08002314
 .igot.plt      0x20000010        0x0 /usr/lib/gcc/arm-none-eabi/13.2.1/thumb/v7e-m+dp/hard/crtbegin.o

.tdata          0x20000010        0x0 load address 0x08002314
 *(.tdata .tdata.* .gnu.linkonce.td.*)
                0x20000010                        . = ALIGN (0x4)
                0x20000010                        _edata = .
                [!provide]                        PROVIDE (__data_end = .)
                [!provide]                        PROVIDE (__tdata_end = .)
                [!provide]                        PROVIDE (__tdata_start = ADDR (.tdata))
                [!provide]                        PROVIDE (__tdata_size = (__tdata_end - __tdata_start))
                [!provide]                        PROVIDE (__data_start = ADDR (.data))
                [!provide]                        PROVIDE (__data_size = (__data_end - __data_start))
                [!provide]                        PROVIDE (__tdata_source = LOADADDR (.tdata))
                [!provide]                        PROVIDE (__tdata_source_end = (LOADADDR (.tdata) + SIZEOF (.tdata)))
                [!provide]                        PROVIDE (__tdata_source_size = (__tdata_source_end - __tdata_source))
                [!provide]                        PROVIDE (__data_source = LOADADDR (.data))
                [!provide]                        PROVIDE (__data_source_end = __tdata_source_end)
                [!provide]                        PROVIDE (__data_source_size = (__data_source_end - __data_source))

.tbss           0x20000010        0x0 load address 0x08002314
                0x20000010                        _sbss = .
                0x20000010                        __bss_start__ = _sbss
 *(.tbss .tbss.*)
                0x20000010                        . = ALIGN (0x4)
                [!provide]                        PROVIDE (__tbss_end = .)
                [!provide]                        PROVIDE (__tbss_start = ADDR (.tbss))
                [!provide]                        PROVIDE (__tbss_size = (__tbss_end - __tbss_start))
                [!provide]                        PROVIDE (__tbss_offset = (ADDR (.tbss) - ADDR (.tdata)))
                [!provide]                        PROVIDE (__tls_base = __tdata_start)
                [!provide]                        PROVIDE (__tls_end = __tbss_end)
                [!provide]                        PROVIDE (__tls_size = (__tls_end - __tls_base))
                [!provide]                        PROVIDE (__tls_align = MAX (ALIGNOF (.tdata), ALIGNOF (.tbss)))
                [!provide]                        PROVIDE (__tls_size_align = (((__tls_size + __tls_align) - 0x1) & ~ ((__tls_align - 0x1))))
                [!provide]                        PROVIDE (__arm32_tls_tcb_offset = MAX (0x8, __tls_align))
                [!provide]                        PROVIDE (__arm64_tls_tcb_offset = MAX (0x10, __tls_align))

.bss            0x20000010       0x20 load address 0x08002314
 *(.bss)
 .bss           0x20000010       0x1c /usr/lib/gcc/arm-none-eabi/13.2.1/thumb/v7e-m+dp/hard/crtbegin.o
 *(.bss*)
 .bss.uwTick    0x2000002c        0x4 CMakeFiles/STM32_Drivers.dir/home/koji/STM32CubeIDE/workspace_srt/H745DiscoTest/Drivers/STM32H7xx_HAL_Driver/Src/stm32h7xx_hal.c.obj
                0x2000002c                uwTick
 *(COMMON)
                0x20000030                        . = ALIGN (0x4)
                0x20000030                        _ebss = .
                0x20000030                        __bss_end__ = _ebss
                [!provide]                        PROVIDE (__bss_end = .)
                [!provide]                        PROVIDE (__non_tls_bss_start = ADDR (.bss))
                [!provide]                        PROVIDE (__bss_start = __tbss_start)
                [!provide]                        PROVIDE (__bss_size = (__bss_end - __bss_start))

._user_heap_stack
                0x20000030     0x1400 load address 0x08002314
                0x20000030                        . = ALIGN (0x8)
                [!provide]                        PROVIDE (end = .)
                0x20000030                        PROVIDE (_end = .)
                0x20001030                        . = (. + _Min_Heap_Size)
 *fill*         0x20000030     0x1000 
                0x20001430                        . = (. + _Min_Stack_Size)
 *fill*         0x20001030      0x400 
                0x20001430                        . = ALIGN (0x8)

/DISCARD/
 libc.a:*(*)
 libm.a:*(*)
 libgcc.a:*(*)

.ARM.attributes
                0x00000000       0x2e
 *(.ARM.attributes)
 .ARM.attributes
                0x00000000       0x20 /usr/lib/gcc/arm-none-eabi/13.2.1/thumb/v7e-m+dp/hard/crti.o
 .ARM.attributes
                0x00000020       0x32 /usr/lib/gcc/arm-none-eabi/13.2.1/thumb/v7e-m+dp/hard/crtbegin.o
 .ARM.attributes
                0x00000052       0x32 CMakeFiles/STM32_Drivers.dir/home/koji/STM32CubeIDE/workspace_srt/H745DiscoTest/Common/Src/system_stm32h7xx_dualcore_boot_cm4_cm7.c.obj
 .ARM.attributes
                0x00000084       0x32 CMakeFiles/STM32_Drivers.dir/home/koji/STM32CubeIDE/workspace_srt/H745DiscoTest/Drivers/STM32H7xx_HAL_Driver/Src/stm32h7xx_hal_cortex.c.obj
 .ARM.attributes
                0x000000b6       0x32 CMakeFiles/STM32_Drivers.dir/home/koji/STM32CubeIDE/workspace_srt/H745DiscoTest/Drivers/STM32H7xx_HAL_Driver/Src/stm32h7xx_hal_pwr_ex.c.obj
 .ARM.attributes
                0x000000e8       0x32 CMakeFiles/STM32_Drivers.dir/home/koji/STM32CubeIDE/workspace_srt/H745DiscoTest/Drivers/STM32H7xx_HAL_Driver/Src/stm32h7xx_hal_rcc.c.obj
 .ARM.attributes
                0x0000011a       0x32 CMakeFiles/STM32_Drivers.dir/home/koji/STM32CubeIDE/workspace_srt/H745DiscoTest/Drivers/STM32H7xx_HAL_Driver/Src/stm32h7xx_hal_gpio.c.obj
 .ARM.attributes
                0x0000014c       0x32 CMakeFiles/STM32_Drivers.dir/home/koji/STM32CubeIDE/workspace_srt/H745DiscoTest/Drivers/STM32H7xx_HAL_Driver/Src/stm32h7xx_hal_hsem.c.obj
 .ARM.attributes
                0x0000017e       0x32 CMakeFiles/STM32_Drivers.dir/home/koji/STM32CubeIDE/workspace_srt/H745DiscoTest/Drivers/STM32H7xx_HAL_Driver/Src/stm32h7xx_hal.c.obj
 .ARM.attributes
                0x000001b0       0x32 CMakeFiles/H745DiscoTest_CM7.dir/Core/Src/main.c.obj
 .ARM.attributes
                0x000001e2       0x32 CMakeFiles/H745DiscoTest_CM7.dir/Core/Src/stm32h7xx_it.c.obj
 .ARM.attributes
                0x00000214       0x32 CMakeFiles/H745DiscoTest_CM7.dir/Core/Src/stm32h7xx_hal_msp.c.obj
 .ARM.attributes
                0x00000246       0x21 CMakeFiles/H745DiscoTest_CM7.dir/Core/Startup/startup_stm32h745xx_CM7.s.obj
 .ARM.attributes
                0x00000267       0x32 /usr/lib/gcc/arm-none-eabi/13.2.1/../../../arm-none-eabi/lib/thumb/v7e-m+dp/hard/libg_nano.a(libc_a-init.o)
 .ARM.attributes
                0x00000299       0x32 /usr/lib/gcc/arm-none-eabi/13.2.1/../../../arm-none-eabi/lib/thumb/v7e-m+dp/hard/libg_nano.a(libc_a-memset.o)
 .ARM.attributes
                0x000002cb       0x32 /usr/lib/gcc/arm-none-eabi/13.2.1/thumb/v7e-m+dp/hard/crtend.o
 .ARM.attributes
                0x000002fd       0x20 /usr/lib/gcc/arm-none-eabi/13.2.1/thumb/v7e-m+dp/hard/crtn.o
OUTPUT(H745DiscoTest_CM7.elf elf32-littlearm)
LOAD linker stubs

.comment        0x00000000       0x26
 .comment       0x00000000       0x26 /usr/lib/gcc/arm-none-eabi/13.2.1/thumb/v7e-m+dp/hard/crtbegin.o
                                 0x27 (size before relaxing)
 .comment       0x00000026       0x27 CMakeFiles/STM32_Drivers.dir/home/koji/STM32CubeIDE/workspace_srt/H745DiscoTest/Common/Src/system_stm32h7xx_dualcore_boot_cm4_cm7.c.obj
 .comment       0x00000026       0x27 CMakeFiles/STM32_Drivers.dir/home/koji/STM32CubeIDE/workspace_srt/H745DiscoTest/Drivers/STM32H7xx_HAL_Driver/Src/stm32h7xx_hal_cortex.c.obj
 .comment       0x00000026       0x27 CMakeFiles/STM32_Drivers.dir/home/koji/STM32CubeIDE/workspace_srt/H745DiscoTest/Drivers/STM32H7xx_HAL_Driver/Src/stm32h7xx_hal_pwr_ex.c.obj
 .comment       0x00000026       0x27 CMakeFiles/STM32_Drivers.dir/home/koji/STM32CubeIDE/workspace_srt/H745DiscoTest/Drivers/STM32H7xx_HAL_Driver/Src/stm32h7xx_hal_rcc.c.obj
 .comment       0x00000026       0x27 CMakeFiles/STM32_Drivers.dir/home/koji/STM32CubeIDE/workspace_srt/H745DiscoTest/Drivers/STM32H7xx_HAL_Driver/Src/stm32h7xx_hal_gpio.c.obj
 .comment       0x00000026       0x27 CMakeFiles/STM32_Drivers.dir/home/koji/STM32CubeIDE/workspace_srt/H745DiscoTest/Drivers/STM32H7xx_HAL_Driver/Src/stm32h7xx_hal_hsem.c.obj
 .comment       0x00000026       0x27 CMakeFiles/STM32_Drivers.dir/home/koji/STM32CubeIDE/workspace_srt/H745DiscoTest/Drivers/STM32H7xx_HAL_Driver/Src/stm32h7xx_hal.c.obj
 .comment       0x00000026       0x27 CMakeFiles/H745DiscoTest_CM7.dir/Core/Src/main.c.obj
 .comment       0x00000026       0x27 CMakeFiles/H745DiscoTest_CM7.dir/Core/Src/stm32h7xx_it.c.obj
 .comment       0x00000026       0x27 CMakeFiles/H745DiscoTest_CM7.dir/Core/Src/stm32h7xx_hal_msp.c.obj
 .comment       0x00000026       0x27 /usr/lib/gcc/arm-none-eabi/13.2.1/../../../arm-none-eabi/lib/thumb/v7e-m+dp/hard/libg_nano.a(libc_a-init.o)
 .comment       0x00000026       0x27 /usr/lib/gcc/arm-none-eabi/13.2.1/../../../arm-none-eabi/lib/thumb/v7e-m+dp/hard/libg_nano.a(libc_a-memset.o)
 .comment       0x00000026       0x27 /usr/lib/gcc/arm-none-eabi/13.2.1/thumb/v7e-m+dp/hard/crtend.o

.debug_info     0x00000000     0x7d14
 .debug_info    0x00000000      0xe6a CMakeFiles/STM32_Drivers.dir/home/koji/STM32CubeIDE/workspace_srt/H745DiscoTest/Common/Src/system_stm32h7xx_dualcore_boot_cm4_cm7.c.obj
 .debug_info    0x00000e6a     0x10b8 CMakeFiles/STM32_Drivers.dir/home/koji/STM32CubeIDE/workspace_srt/H745DiscoTest/Drivers/STM32H7xx_HAL_Driver/Src/stm32h7xx_hal_cortex.c.obj
 .debug_info    0x00001f22     0x120c CMakeFiles/STM32_Drivers.dir/home/koji/STM32CubeIDE/workspace_srt/H745DiscoTest/Drivers/STM32H7xx_HAL_Driver/Src/stm32h7xx_hal_pwr_ex.c.obj
 .debug_info    0x0000312e      0xe4d CMakeFiles/STM32_Drivers.dir/home/koji/STM32CubeIDE/workspace_srt/H745DiscoTest/Drivers/STM32H7xx_HAL_Driver/Src/stm32h7xx_hal_rcc.c.obj
 .debug_info    0x00003f7b      0xcee CMakeFiles/STM32_Drivers.dir/home/koji/STM32CubeIDE/workspace_srt/H745DiscoTest/Drivers/STM32H7xx_HAL_Driver/Src/stm32h7xx_hal_gpio.c.obj
 .debug_info    0x00004c69      0x3c7 CMakeFiles/STM32_Drivers.dir/home/koji/STM32CubeIDE/workspace_srt/H745DiscoTest/Drivers/STM32H7xx_HAL_Driver/Src/stm32h7xx_hal_hsem.c.obj
 .debug_info    0x00005030     0x175c CMakeFiles/STM32_Drivers.dir/home/koji/STM32CubeIDE/workspace_srt/H745DiscoTest/Drivers/STM32H7xx_HAL_Driver/Src/stm32h7xx_hal.c.obj
 .debug_info    0x0000678c      0xd98 CMakeFiles/H745DiscoTest_CM7.dir/Core/Src/main.c.obj
 .debug_info    0x00007524      0x128 CMakeFiles/H745DiscoTest_CM7.dir/Core/Src/stm32h7xx_it.c.obj
 .debug_info    0x0000764c      0x458 CMakeFiles/H745DiscoTest_CM7.dir/Core/Src/stm32h7xx_hal_msp.c.obj
 .debug_info    0x00007aa4       0x30 CMakeFiles/H745DiscoTest_CM7.dir/Core/Startup/startup_stm32h745xx_CM7.s.obj
 .debug_info    0x00007ad4      0x10b /usr/lib/gcc/arm-none-eabi/13.2.1/../../../arm-none-eabi/lib/thumb/v7e-m+dp/hard/libg_nano.a(libc_a-init.o)
 .debug_info    0x00007bdf      0x135 /usr/lib/gcc/arm-none-eabi/13.2.1/../../../arm-none-eabi/lib/thumb/v7e-m+dp/hard/libg_nano.a(libc_a-memset.o)

.debug_abbrev   0x00000000     0x163f
 .debug_abbrev  0x00000000      0x165 CMakeFiles/STM32_Drivers.dir/home/koji/STM32CubeIDE/workspace_srt/H745DiscoTest/Common/Src/system_stm32h7xx_dualcore_boot_cm4_cm7.c.obj
 .debug_abbrev  0x00000165      0x339 CMakeFiles/STM32_Drivers.dir/home/koji/STM32CubeIDE/workspace_srt/H745DiscoTest/Drivers/STM32H7xx_HAL_Driver/Src/stm32h7xx_hal_cortex.c.obj
 .debug_abbrev  0x0000049e      0x2d7 CMakeFiles/STM32_Drivers.dir/home/koji/STM32CubeIDE/workspace_srt/H745DiscoTest/Drivers/STM32H7xx_HAL_Driver/Src/stm32h7xx_hal_pwr_ex.c.obj
 .debug_abbrev  0x00000775      0x2c8 CMakeFiles/STM32_Drivers.dir/home/koji/STM32CubeIDE/workspace_srt/H745DiscoTest/Drivers/STM32H7xx_HAL_Driver/Src/stm32h7xx_hal_rcc.c.obj
 .debug_abbrev  0x00000a3d      0x205 CMakeFiles/STM32_Drivers.dir/home/koji/STM32CubeIDE/workspace_srt/H745DiscoTest/Drivers/STM32H7xx_HAL_Driver/Src/stm32h7xx_hal_gpio.c.obj
 .debug_abbrev  0x00000c42      0x1d3 CMakeFiles/STM32_Drivers.dir/home/koji/STM32CubeIDE/workspace_srt/H745DiscoTest/Drivers/STM32H7xx_HAL_Driver/Src/stm32h7xx_hal_hsem.c.obj
 .debug_abbrev  0x00000e15      0x295 CMakeFiles/STM32_Drivers.dir/home/koji/STM32CubeIDE/workspace_srt/H745DiscoTest/Drivers/STM32H7xx_HAL_Driver/Src/stm32h7xx_hal.c.obj
 .debug_abbrev  0x000010aa      0x2a3 CMakeFiles/H745DiscoTest_CM7.dir/Core/Src/main.c.obj
 .debug_abbrev  0x0000134d       0x73 CMakeFiles/H745DiscoTest_CM7.dir/Core/Src/stm32h7xx_it.c.obj
 .debug_abbrev  0x000013c0       0xdb CMakeFiles/H745DiscoTest_CM7.dir/Core/Src/stm32h7xx_hal_msp.c.obj
 .debug_abbrev  0x0000149b       0x24 CMakeFiles/H745DiscoTest_CM7.dir/Core/Startup/startup_stm32h745xx_CM7.s.obj
 .debug_abbrev  0x000014bf       0xc9 /usr/lib/gcc/arm-none-eabi/13.2.1/../../../arm-none-eabi/lib/thumb/v7e-m+dp/hard/libg_nano.a(libc_a-init.o)
 .debug_abbrev  0x00001588       0xb7 /usr/lib/gcc/arm-none-eabi/13.2.1/../../../arm-none-eabi/lib/thumb/v7e-m+dp/hard/libg_nano.a(libc_a-memset.o)

.debug_aranges  0x00000000      0x748
 .debug_aranges
                0x00000000       0x30 CMakeFiles/STM32_Drivers.dir/home/koji/STM32CubeIDE/workspace_srt/H745DiscoTest/Common/Src/system_stm32h7xx_dualcore_boot_cm4_cm7.c.obj
 .debug_aranges
                0x00000030      0x130 CMakeFiles/STM32_Drivers.dir/home/koji/STM32CubeIDE/workspace_srt/H745DiscoTest/Drivers/STM32H7xx_HAL_Driver/Src/stm32h7xx_hal_cortex.c.obj
 .debug_aranges
                0x00000160      0x170 CMakeFiles/STM32_Drivers.dir/home/koji/STM32CubeIDE/workspace_srt/H745DiscoTest/Drivers/STM32H7xx_HAL_Driver/Src/stm32h7xx_hal_pwr_ex.c.obj
 .debug_aranges
                0x000002d0       0x88 CMakeFiles/STM32_Drivers.dir/home/koji/STM32CubeIDE/workspace_srt/H745DiscoTest/Drivers/STM32H7xx_HAL_Driver/Src/stm32h7xx_hal_rcc.c.obj
 .debug_aranges
                0x00000358       0x58 CMakeFiles/STM32_Drivers.dir/home/koji/STM32CubeIDE/workspace_srt/H745DiscoTest/Drivers/STM32H7xx_HAL_Driver/Src/stm32h7xx_hal_gpio.c.obj
 .debug_aranges
                0x000003b0       0x70 CMakeFiles/STM32_Drivers.dir/home/koji/STM32CubeIDE/workspace_srt/H745DiscoTest/Drivers/STM32H7xx_HAL_Driver/Src/stm32h7xx_hal_hsem.c.obj
 .debug_aranges
                0x00000420      0x200 CMakeFiles/STM32_Drivers.dir/home/koji/STM32CubeIDE/workspace_srt/H745DiscoTest/Drivers/STM32H7xx_HAL_Driver/Src/stm32h7xx_hal.c.obj
 .debug_aranges
                0x00000620       0x40 CMakeFiles/H745DiscoTest_CM7.dir/Core/Src/main.c.obj
 .debug_aranges
                0x00000660       0x60 CMakeFiles/H745DiscoTest_CM7.dir/Core/Src/stm32h7xx_it.c.obj
 .debug_aranges
                0x000006c0       0x20 CMakeFiles/H745DiscoTest_CM7.dir/Core/Src/stm32h7xx_hal_msp.c.obj
 .debug_aranges
                0x000006e0       0x28 CMakeFiles/H745DiscoTest_CM7.dir/Core/Startup/startup_stm32h745xx_CM7.s.obj
 .debug_aranges
                0x00000708       0x20 /usr/lib/gcc/arm-none-eabi/13.2.1/../../../arm-none-eabi/lib/thumb/v7e-m+dp/hard/libg_nano.a(libc_a-init.o)
 .debug_aranges
                0x00000728       0x20 /usr/lib/gcc/arm-none-eabi/13.2.1/../../../arm-none-eabi/lib/thumb/v7e-m+dp/hard/libg_nano.a(libc_a-memset.o)

.debug_rnglists
                0x00000000      0x52b
 .debug_rnglists
                0x00000000       0x21 CMakeFiles/STM32_Drivers.dir/home/koji/STM32CubeIDE/workspace_srt/H745DiscoTest/Common/Src/system_stm32h7xx_dualcore_boot_cm4_cm7.c.obj
 .debug_rnglists
                0x00000021       0xe0 CMakeFiles/STM32_Drivers.dir/home/koji/STM32CubeIDE/workspace_srt/H745DiscoTest/Drivers/STM32H7xx_HAL_Driver/Src/stm32h7xx_hal_cortex.c.obj
 .debug_rnglists
                0x00000101      0x117 CMakeFiles/STM32_Drivers.dir/home/koji/STM32CubeIDE/workspace_srt/H745DiscoTest/Drivers/STM32H7xx_HAL_Driver/Src/stm32h7xx_hal_pwr_ex.c.obj
 .debug_rnglists
                0x00000218       0x68 CMakeFiles/STM32_Drivers.dir/home/koji/STM32CubeIDE/workspace_srt/H745DiscoTest/Drivers/STM32H7xx_HAL_Driver/Src/stm32h7xx_hal_rcc.c.obj
 .debug_rnglists
                0x00000280       0x3f CMakeFiles/STM32_Drivers.dir/home/koji/STM32CubeIDE/workspace_srt/H745DiscoTest/Drivers/STM32H7xx_HAL_Driver/Src/stm32h7xx_hal_gpio.c.obj
 .debug_rnglists
                0x000002bf       0x4f CMakeFiles/STM32_Drivers.dir/home/koji/STM32CubeIDE/workspace_srt/H745DiscoTest/Drivers/STM32H7xx_HAL_Driver/Src/stm32h7xx_hal_hsem.c.obj
 .debug_rnglists
                0x0000030e      0x180 CMakeFiles/STM32_Drivers.dir/home/koji/STM32CubeIDE/workspace_srt/H745DiscoTest/Drivers/STM32H7xx_HAL_Driver/Src/stm32h7xx_hal.c.obj
 .debug_rnglists
                0x0000048e       0x2e CMakeFiles/H745DiscoTest_CM7.dir/Core/Src/main.c.obj
 .debug_rnglists
                0x000004bc       0x43 CMakeFiles/H745DiscoTest_CM7.dir/Core/Src/stm32h7xx_it.c.obj
 .debug_rnglists
                0x000004ff       0x13 CMakeFiles/H745DiscoTest_CM7.dir/Core/Src/stm32h7xx_hal_msp.c.obj
 .debug_rnglists
                0x00000512       0x19 CMakeFiles/H745DiscoTest_CM7.dir/Core/Startup/startup_stm32h745xx_CM7.s.obj

.debug_macro    0x00000000    0x37adf
 .debug_macro   0x00000000      0x255 CMakeFiles/STM32_Drivers.dir/home/koji/STM32CubeIDE/workspace_srt/H745DiscoTest/Common/Src/system_stm32h7xx_dualcore_boot_cm4_cm7.c.obj
 .debug_macro   0x00000255      0xafc CMakeFiles/STM32_Drivers.dir/home/koji/STM32CubeIDE/workspace_srt/H745DiscoTest/Common/Src/system_stm32h7xx_dualcore_boot_cm4_cm7.c.obj
 .debug_macro   0x00000d51       0x2e CMakeFiles/STM32_Drivers.dir/home/koji/STM32CubeIDE/workspace_srt/H745DiscoTest/Common/Src/system_stm32h7xx_dualcore_boot_cm4_cm7.c.obj
 .debug_macro   0x00000d7f       0x49 CMakeFiles/STM32_Drivers.dir/home/koji/STM32CubeIDE/workspace_srt/H745DiscoTest/Common/Src/system_stm32h7xx_dualcore_boot_cm4_cm7.c.obj
 .debug_macro   0x00000dc8      0x34e CMakeFiles/STM32_Drivers.dir/home/koji/STM32CubeIDE/workspace_srt/H745DiscoTest/Common/Src/system_stm32h7xx_dualcore_boot_cm4_cm7.c.obj
 .debug_macro   0x00001116       0x1c CMakeFiles/STM32_Drivers.dir/home/koji/STM32CubeIDE/workspace_srt/H745DiscoTest/Common/Src/system_stm32h7xx_dualcore_boot_cm4_cm7.c.obj
 .debug_macro   0x00001132       0x22 CMakeFiles/STM32_Drivers.dir/home/koji/STM32CubeIDE/workspace_srt/H745DiscoTest/Common/Src/system_stm32h7xx_dualcore_boot_cm4_cm7.c.obj
 .debug_macro   0x00001154       0xfb CMakeFiles/STM32_Drivers.dir/home/koji/STM32CubeIDE/workspace_srt/H745DiscoTest/Common/Src/system_stm32h7xx_dualcore_boot_cm4_cm7.c.obj
 .debug_macro   0x0000124f     0x1313 CMakeFiles/STM32_Drivers.dir/home/koji/STM32CubeIDE/workspace_srt/H745DiscoTest/Common/Src/system_stm32h7xx_dualcore_boot_cm4_cm7.c.obj
 .debug_macro   0x00002562      0x11f CMakeFiles/STM32_Drivers.dir/home/koji/STM32CubeIDE/workspace_srt/H745DiscoTest/Common/Src/system_stm32h7xx_dualcore_boot_cm4_cm7.c.obj
 .debug_macro   0x00002681       0x22 CMakeFiles/STM32_Drivers.dir/home/koji/STM32CubeIDE/workspace_srt/H745DiscoTest/Common/Src/system_stm32h7xx_dualcore_boot_cm4_cm7.c.obj
 .debug_macro   0x000026a3    0x27085 CMakeFiles/STM32_Drivers.dir/home/koji/STM32CubeIDE/workspace_srt/H745DiscoTest/Common/Src/system_stm32h7xx_dualcore_boot_cm4_cm7.c.obj
 .debug_macro   0x00029728       0x6d CMakeFiles/STM32_Drivers.dir/home/koji/STM32CubeIDE/workspace_srt/H745DiscoTest/Common/Src/system_stm32h7xx_dualcore_boot_cm4_cm7.c.obj
 .debug_macro   0x00029795      0x22c CMakeFiles/STM32_Drivers.dir/home/koji/STM32CubeIDE/workspace_srt/H745DiscoTest/Common/Src/system_stm32h7xx_dualcore_boot_cm4_cm7.c.obj
 .debug_macro   0x000299c1     0x3d79 CMakeFiles/STM32_Drivers.dir/home/koji/STM32CubeIDE/workspace_srt/H745DiscoTest/Common/Src/system_stm32h7xx_dualcore_boot_cm4_cm7.c.obj
 .debug_macro   0x0002d73a      0x190 CMakeFiles/STM32_Drivers.dir/home/koji/STM32CubeIDE/workspace_srt/H745DiscoTest/Common/Src/system_stm32h7xx_dualcore_boot_cm4_cm7.c.obj
 .debug_macro   0x0002d8ca       0x22 CMakeFiles/STM32_Drivers.dir/home/koji/STM32CubeIDE/workspace_srt/H745DiscoTest/Common/Src/system_stm32h7xx_dualcore_boot_cm4_cm7.c.obj
 .debug_macro   0x0002d8ec       0x60 CMakeFiles/STM32_Drivers.dir/home/koji/STM32CubeIDE/workspace_srt/H745DiscoTest/Common/Src/system_stm32h7xx_dualcore_boot_cm4_cm7.c.obj
 .debug_macro   0x0002d94c       0x29 CMakeFiles/STM32_Drivers.dir/home/koji/STM32CubeIDE/workspace_srt/H745DiscoTest/Common/Src/system_stm32h7xx_dualcore_boot_cm4_cm7.c.obj
 .debug_macro   0x0002d975       0x94 CMakeFiles/STM32_Drivers.dir/home/koji/STM32CubeIDE/workspace_srt/H745DiscoTest/Common/Src/system_stm32h7xx_dualcore_boot_cm4_cm7.c.obj
 .debug_macro   0x0002da09       0x3c CMakeFiles/STM32_Drivers.dir/home/koji/STM32CubeIDE/workspace_srt/H745DiscoTest/Common/Src/system_stm32h7xx_dualcore_boot_cm4_cm7.c.obj
 .debug_macro   0x0002da45       0x34 CMakeFiles/STM32_Drivers.dir/home/koji/STM32CubeIDE/workspace_srt/H745DiscoTest/Common/Src/system_stm32h7xx_dualcore_boot_cm4_cm7.c.obj
 .debug_macro   0x0002da79       0x57 CMakeFiles/STM32_Drivers.dir/home/koji/STM32CubeIDE/workspace_srt/H745DiscoTest/Common/Src/system_stm32h7xx_dualcore_boot_cm4_cm7.c.obj
 .debug_macro   0x0002dad0      0x370 CMakeFiles/STM32_Drivers.dir/home/koji/STM32CubeIDE/workspace_srt/H745DiscoTest/Common/Src/system_stm32h7xx_dualcore_boot_cm4_cm7.c.obj
 .debug_macro   0x0002de40       0x16 CMakeFiles/STM32_Drivers.dir/home/koji/STM32CubeIDE/workspace_srt/H745DiscoTest/Common/Src/system_stm32h7xx_dualcore_boot_cm4_cm7.c.obj
 .debug_macro   0x0002de56       0x4a CMakeFiles/STM32_Drivers.dir/home/koji/STM32CubeIDE/workspace_srt/H745DiscoTest/Common/Src/system_stm32h7xx_dualcore_boot_cm4_cm7.c.obj
 .debug_macro   0x0002dea0       0x34 CMakeFiles/STM32_Drivers.dir/home/koji/STM32CubeIDE/workspace_srt/H745DiscoTest/Common/Src/system_stm32h7xx_dualcore_boot_cm4_cm7.c.obj
 .debug_macro   0x0002ded4       0x10 CMakeFiles/STM32_Drivers.dir/home/koji/STM32CubeIDE/workspace_srt/H745DiscoTest/Common/Src/system_stm32h7xx_dualcore_boot_cm4_cm7.c.obj
 .debug_macro   0x0002dee4       0x52 CMakeFiles/STM32_Drivers.dir/home/koji/STM32CubeIDE/workspace_srt/H745DiscoTest/Common/Src/system_stm32h7xx_dualcore_boot_cm4_cm7.c.obj
 .debug_macro   0x0002df36      0x1de CMakeFiles/STM32_Drivers.dir/home/koji/STM32CubeIDE/workspace_srt/H745DiscoTest/Common/Src/system_stm32h7xx_dualcore_boot_cm4_cm7.c.obj
 .debug_macro   0x0002e114      0x19b CMakeFiles/STM32_Drivers.dir/home/koji/STM32CubeIDE/workspace_srt/H745DiscoTest/Common/Src/system_stm32h7xx_dualcore_boot_cm4_cm7.c.obj
 .debug_macro   0x0002e2af       0x5d CMakeFiles/STM32_Drivers.dir/home/koji/STM32CubeIDE/workspace_srt/H745DiscoTest/Common/Src/system_stm32h7xx_dualcore_boot_cm4_cm7.c.obj
 .debug_macro   0x0002e30c     0x3a9d CMakeFiles/STM32_Drivers.dir/home/koji/STM32CubeIDE/workspace_srt/H745DiscoTest/Common/Src/system_stm32h7xx_dualcore_boot_cm4_cm7.c.obj
 .debug_macro   0x00031da9     0x1072 CMakeFiles/STM32_Drivers.dir/home/koji/STM32CubeIDE/workspace_srt/H745DiscoTest/Common/Src/system_stm32h7xx_dualcore_boot_cm4_cm7.c.obj
 .debug_macro   0x00032e1b      0x154 CMakeFiles/STM32_Drivers.dir/home/koji/STM32CubeIDE/workspace_srt/H745DiscoTest/Common/Src/system_stm32h7xx_dualcore_boot_cm4_cm7.c.obj
 .debug_macro   0x00032f6f      0x130 CMakeFiles/STM32_Drivers.dir/home/koji/STM32CubeIDE/workspace_srt/H745DiscoTest/Common/Src/system_stm32h7xx_dualcore_boot_cm4_cm7.c.obj
 .debug_macro   0x0003309f      0x3c2 CMakeFiles/STM32_Drivers.dir/home/koji/STM32CubeIDE/workspace_srt/H745DiscoTest/Common/Src/system_stm32h7xx_dualcore_boot_cm4_cm7.c.obj
 .debug_macro   0x00033461       0xac CMakeFiles/STM32_Drivers.dir/home/koji/STM32CubeIDE/workspace_srt/H745DiscoTest/Common/Src/system_stm32h7xx_dualcore_boot_cm4_cm7.c.obj
 .debug_macro   0x0003350d      0x72d CMakeFiles/STM32_Drivers.dir/home/koji/STM32CubeIDE/workspace_srt/H745DiscoTest/Common/Src/system_stm32h7xx_dualcore_boot_cm4_cm7.c.obj
 .debug_macro   0x00033c3a      0x228 CMakeFiles/STM32_Drivers.dir/home/koji/STM32CubeIDE/workspace_srt/H745DiscoTest/Common/Src/system_stm32h7xx_dualcore_boot_cm4_cm7.c.obj
 .debug_macro   0x00033e62       0x66 CMakeFiles/STM32_Drivers.dir/home/koji/STM32CubeIDE/workspace_srt/H745DiscoTest/Common/Src/system_stm32h7xx_dualcore_boot_cm4_cm7.c.obj
 .debug_macro   0x00033ec8      0x3bb CMakeFiles/STM32_Drivers.dir/home/koji/STM32CubeIDE/workspace_srt/H745DiscoTest/Common/Src/system_stm32h7xx_dualcore_boot_cm4_cm7.c.obj
 .debug_macro   0x00034283      0x407 CMakeFiles/STM32_Drivers.dir/home/koji/STM32CubeIDE/workspace_srt/H745DiscoTest/Common/Src/system_stm32h7xx_dualcore_boot_cm4_cm7.c.obj
 .debug_macro   0x0003468a      0x27c CMakeFiles/STM32_Drivers.dir/home/koji/STM32CubeIDE/workspace_srt/H745DiscoTest/Common/Src/system_stm32h7xx_dualcore_boot_cm4_cm7.c.obj
 .debug_macro   0x00034906      0x3ca CMakeFiles/STM32_Drivers.dir/home/koji/STM32CubeIDE/workspace_srt/H745DiscoTest/Common/Src/system_stm32h7xx_dualcore_boot_cm4_cm7.c.obj
 .debug_macro   0x00034cd0      0x4a2 CMakeFiles/STM32_Drivers.dir/home/koji/STM32CubeIDE/workspace_srt/H745DiscoTest/Common/Src/system_stm32h7xx_dualcore_boot_cm4_cm7.c.obj
 .debug_macro   0x00035172       0x51 CMakeFiles/STM32_Drivers.dir/home/koji/STM32CubeIDE/workspace_srt/H745DiscoTest/Common/Src/system_stm32h7xx_dualcore_boot_cm4_cm7.c.obj
 .debug_macro   0x000351c3       0x4a CMakeFiles/STM32_Drivers.dir/home/koji/STM32CubeIDE/workspace_srt/H745DiscoTest/Common/Src/system_stm32h7xx_dualcore_boot_cm4_cm7.c.obj
 .debug_macro   0x0003520d      0x22c CMakeFiles/STM32_Drivers.dir/home/koji/STM32CubeIDE/workspace_srt/H745DiscoTest/Common/Src/system_stm32h7xx_dualcore_boot_cm4_cm7.c.obj
 .debug_macro   0x00035439       0x67 CMakeFiles/STM32_Drivers.dir/home/koji/STM32CubeIDE/workspace_srt/H745DiscoTest/Common/Src/system_stm32h7xx_dualcore_boot_cm4_cm7.c.obj
 .debug_macro   0x000354a0       0xa5 CMakeFiles/STM32_Drivers.dir/home/koji/STM32CubeIDE/workspace_srt/H745DiscoTest/Common/Src/system_stm32h7xx_dualcore_boot_cm4_cm7.c.obj
 .debug_macro   0x00035545      0x218 CMakeFiles/STM32_Drivers.dir/home/koji/STM32CubeIDE/workspace_srt/H745DiscoTest/Common/Src/system_stm32h7xx_dualcore_boot_cm4_cm7.c.obj
 .debug_macro   0x0003575d      0x2ea CMakeFiles/STM32_Drivers.dir/home/koji/STM32CubeIDE/workspace_srt/H745DiscoTest/Common/Src/system_stm32h7xx_dualcore_boot_cm4_cm7.c.obj
 .debug_macro   0x00035a47       0x35 CMakeFiles/STM32_Drivers.dir/home/koji/STM32CubeIDE/workspace_srt/H745DiscoTest/Common/Src/system_stm32h7xx_dualcore_boot_cm4_cm7.c.obj
 .debug_macro   0x00035a7c      0x7a4 CMakeFiles/STM32_Drivers.dir/home/koji/STM32CubeIDE/workspace_srt/H745DiscoTest/Common/Src/system_stm32h7xx_dualcore_boot_cm4_cm7.c.obj
 .debug_macro   0x00036220      0x255 CMakeFiles/STM32_Drivers.dir/home/koji/STM32CubeIDE/workspace_srt/H745DiscoTest/Drivers/STM32H7xx_HAL_Driver/Src/stm32h7xx_hal_cortex.c.obj
 .debug_macro   0x00036475      0x28e CMakeFiles/STM32_Drivers.dir/home/koji/STM32CubeIDE/workspace_srt/H745DiscoTest/Drivers/STM32H7xx_HAL_Driver/Src/stm32h7xx_hal_pwr_ex.c.obj
 .debug_macro   0x00036703      0x279 CMakeFiles/STM32_Drivers.dir/home/koji/STM32CubeIDE/workspace_srt/H745DiscoTest/Drivers/STM32H7xx_HAL_Driver/Src/stm32h7xx_hal_rcc.c.obj
 .debug_macro   0x0003697c      0x269 CMakeFiles/STM32_Drivers.dir/home/koji/STM32CubeIDE/workspace_srt/H745DiscoTest/Drivers/STM32H7xx_HAL_Driver/Src/stm32h7xx_hal_gpio.c.obj
 .debug_macro   0x00036be5      0x267 CMakeFiles/STM32_Drivers.dir/home/koji/STM32CubeIDE/workspace_srt/H745DiscoTest/Drivers/STM32H7xx_HAL_Driver/Src/stm32h7xx_hal_hsem.c.obj
 .debug_macro   0x00036e4c      0x27f CMakeFiles/STM32_Drivers.dir/home/koji/STM32CubeIDE/workspace_srt/H745DiscoTest/Drivers/STM32H7xx_HAL_Driver/Src/stm32h7xx_hal.c.obj
 .debug_macro   0x000370cb      0x2a4 CMakeFiles/H745DiscoTest_CM7.dir/Core/Src/main.c.obj
 .debug_macro   0x0003736f       0x94 CMakeFiles/H745DiscoTest_CM7.dir/Core/Src/main.c.obj
 .debug_macro   0x00037403       0x1c CMakeFiles/H745DiscoTest_CM7.dir/Core/Src/main.c.obj
 .debug_macro   0x0003741f       0x3c CMakeFiles/H745DiscoTest_CM7.dir/Core/Src/main.c.obj
 .debug_macro   0x0003745b       0x10 CMakeFiles/H745DiscoTest_CM7.dir/Core/Src/main.c.obj
 .debug_macro   0x0003746b       0x1c CMakeFiles/H745DiscoTest_CM7.dir/Core/Src/main.c.obj
 .debug_macro   0x00037487       0x16 CMakeFiles/H745DiscoTest_CM7.dir/Core/Src/main.c.obj
 .debug_macro   0x0003749d      0x170 CMakeFiles/H745DiscoTest_CM7.dir/Core/Src/main.c.obj
 .debug_macro   0x0003760d      0x26e CMakeFiles/H745DiscoTest_CM7.dir/Core/Src/stm32h7xx_it.c.obj
 .debug_macro   0x0003787b      0x264 CMakeFiles/H745DiscoTest_CM7.dir/Core/Src/stm32h7xx_hal_msp.c.obj

.debug_line     0x00000000     0x6bf8
 .debug_line    0x00000000      0x827 CMakeFiles/STM32_Drivers.dir/home/koji/STM32CubeIDE/workspace_srt/H745DiscoTest/Common/Src/system_stm32h7xx_dualcore_boot_cm4_cm7.c.obj
 .debug_line    0x00000827      0xbc7 CMakeFiles/STM32_Drivers.dir/home/koji/STM32CubeIDE/workspace_srt/H745DiscoTest/Drivers/STM32H7xx_HAL_Driver/Src/stm32h7xx_hal_cortex.c.obj
 .debug_line    0x000013ee      0xea0 CMakeFiles/STM32_Drivers.dir/home/koji/STM32CubeIDE/workspace_srt/H745DiscoTest/Drivers/STM32H7xx_HAL_Driver/Src/stm32h7xx_hal_pwr_ex.c.obj
 .debug_line    0x0000228e     0x127a CMakeFiles/STM32_Drivers.dir/home/koji/STM32CubeIDE/workspace_srt/H745DiscoTest/Drivers/STM32H7xx_HAL_Driver/Src/stm32h7xx_hal_rcc.c.obj
 .debug_line    0x00003508      0xa71 CMakeFiles/STM32_Drivers.dir/home/koji/STM32CubeIDE/workspace_srt/H745DiscoTest/Drivers/STM32H7xx_HAL_Driver/Src/stm32h7xx_hal_gpio.c.obj
 .debug_line    0x00003f79      0x773 CMakeFiles/STM32_Drivers.dir/home/koji/STM32CubeIDE/workspace_srt/H745DiscoTest/Drivers/STM32H7xx_HAL_Driver/Src/stm32h7xx_hal_hsem.c.obj
 .debug_line    0x000046ec      0xd34 CMakeFiles/STM32_Drivers.dir/home/koji/STM32CubeIDE/workspace_srt/H745DiscoTest/Drivers/STM32H7xx_HAL_Driver/Src/stm32h7xx_hal.c.obj
 .debug_line    0x00005420      0x7d9 CMakeFiles/H745DiscoTest_CM7.dir/Core/Src/main.c.obj
 .debug_line    0x00005bf9      0x6b0 CMakeFiles/H745DiscoTest_CM7.dir/Core/Src/stm32h7xx_it.c.obj
 .debug_line    0x000062a9      0x600 CMakeFiles/H745DiscoTest_CM7.dir/Core/Src/stm32h7xx_hal_msp.c.obj
 .debug_line    0x000068a9       0x7b CMakeFiles/H745DiscoTest_CM7.dir/Core/Startup/startup_stm32h745xx_CM7.s.obj
 .debug_line    0x00006924      0x11e /usr/lib/gcc/arm-none-eabi/13.2.1/../../../arm-none-eabi/lib/thumb/v7e-m+dp/hard/libg_nano.a(libc_a-init.o)
 .debug_line    0x00006a42      0x1b6 /usr/lib/gcc/arm-none-eabi/13.2.1/../../../arm-none-eabi/lib/thumb/v7e-m+dp/hard/libg_nano.a(libc_a-memset.o)

.debug_str      0x00000000   0x170733
 .debug_str     0x00000000   0x170733 CMakeFiles/STM32_Drivers.dir/home/koji/STM32CubeIDE/workspace_srt/H745DiscoTest/Common/Src/system_stm32h7xx_dualcore_boot_cm4_cm7.c.obj
                             0x16d8c8 (size before relaxing)
 .debug_str     0x00170733   0x16e183 CMakeFiles/STM32_Drivers.dir/home/koji/STM32CubeIDE/workspace_srt/H745DiscoTest/Drivers/STM32H7xx_HAL_Driver/Src/stm32h7xx_hal_cortex.c.obj
 .debug_str     0x00170733   0x16dd32 CMakeFiles/STM32_Drivers.dir/home/koji/STM32CubeIDE/workspace_srt/H745DiscoTest/Drivers/STM32H7xx_HAL_Driver/Src/stm32h7xx_hal_pwr_ex.c.obj
 .debug_str     0x00170733   0x16db96 CMakeFiles/STM32_Drivers.dir/home/koji/STM32CubeIDE/workspace_srt/H745DiscoTest/Drivers/STM32H7xx_HAL_Driver/Src/stm32h7xx_hal_rcc.c.obj
 .debug_str     0x00170733   0x16d81f CMakeFiles/STM32_Drivers.dir/home/koji/STM32CubeIDE/workspace_srt/H745DiscoTest/Drivers/STM32H7xx_HAL_Driver/Src/stm32h7xx_hal_gpio.c.obj
 .debug_str     0x00170733   0x16d4b5 CMakeFiles/STM32_Drivers.dir/home/koji/STM32CubeIDE/workspace_srt/H745DiscoTest/Drivers/STM32H7xx_HAL_Driver/Src/stm32h7xx_hal_hsem.c.obj
 .debug_str     0x00170733   0x16e91f CMakeFiles/STM32_Drivers.dir/home/koji/STM32CubeIDE/workspace_srt/H745DiscoTest/Drivers/STM32H7xx_HAL_Driver/Src/stm32h7xx_hal.c.obj
 .debug_str     0x00170733   0x16e2e6 CMakeFiles/H745DiscoTest_CM7.dir/Core/Src/main.c.obj
 .debug_str     0x00170733   0x16d592 CMakeFiles/H745DiscoTest_CM7.dir/Core/Src/stm32h7xx_it.c.obj
 .debug_str     0x00170733   0x16d728 CMakeFiles/H745DiscoTest_CM7.dir/Core/Src/stm32h7xx_hal_msp.c.obj
 .debug_str     0x00170733       0xb7 CMakeFiles/H745DiscoTest_CM7.dir/Core/Startup/startup_stm32h745xx_CM7.s.obj
 .debug_str     0x00170733      0x1fd /usr/lib/gcc/arm-none-eabi/13.2.1/../../../arm-none-eabi/lib/thumb/v7e-m+dp/hard/libg_nano.a(libc_a-init.o)
 .debug_str     0x00170733      0x1b0 /usr/lib/gcc/arm-none-eabi/13.2.1/../../../arm-none-eabi/lib/thumb/v7e-m+dp/hard/libg_nano.a(libc_a-memset.o)

.debug_frame    0x00000000     0x1aec
 .debug_frame   0x00000000       0x68 CMakeFiles/STM32_Drivers.dir/home/koji/STM32CubeIDE/workspace_srt/H745DiscoTest/Common/Src/system_stm32h7xx_dualcore_boot_cm4_cm7.c.obj
 .debug_frame   0x00000068      0x508 CMakeFiles/STM32_Drivers.dir/home/koji/STM32CubeIDE/workspace_srt/H745DiscoTest/Drivers/STM32H7xx_HAL_Driver/Src/stm32h7xx_hal_cortex.c.obj
 .debug_frame   0x00000570      0x5ec CMakeFiles/STM32_Drivers.dir/home/koji/STM32CubeIDE/workspace_srt/H745DiscoTest/Drivers/STM32H7xx_HAL_Driver/Src/stm32h7xx_hal_pwr_ex.c.obj
 .debug_frame   0x00000b5c      0x1f8 CMakeFiles/STM32_Drivers.dir/home/koji/STM32CubeIDE/workspace_srt/H745DiscoTest/Drivers/STM32H7xx_HAL_Driver/Src/stm32h7xx_hal_rcc.c.obj
 .debug_frame   0x00000d54      0x14c CMakeFiles/STM32_Drivers.dir/home/koji/STM32CubeIDE/workspace_srt/H745DiscoTest/Drivers/STM32H7xx_HAL_Driver/Src/stm32h7xx_hal_gpio.c.obj
 .debug_frame   0x00000ea0      0x1bc CMakeFiles/STM32_Drivers.dir/home/koji/STM32CubeIDE/workspace_srt/H745DiscoTest/Drivers/STM32H7xx_HAL_Driver/Src/stm32h7xx_hal_hsem.c.obj
 .debug_frame   0x0000105c      0x848 CMakeFiles/STM32_Drivers.dir/home/koji/STM32CubeIDE/workspace_srt/H745DiscoTest/Drivers/STM32H7xx_HAL_Driver/Src/stm32h7xx_hal.c.obj
 .debug_frame   0x000018a4       0xb4 CMakeFiles/H745DiscoTest_CM7.dir/Core/Src/main.c.obj
 .debug_frame   0x00001958      0x104 CMakeFiles/H745DiscoTest_CM7.dir/Core/Src/stm32h7xx_it.c.obj
 .debug_frame   0x00001a5c       0x38 CMakeFiles/H745DiscoTest_CM7.dir/Core/Src/stm32h7xx_hal_msp.c.obj
 .debug_frame   0x00001a94       0x2c /usr/lib/gcc/arm-none-eabi/13.2.1/../../../arm-none-eabi/lib/thumb/v7e-m+dp/hard/libg_nano.a(libc_a-init.o)
 .debug_frame   0x00001ac0       0x2c /usr/lib/gcc/arm-none-eabi/13.2.1/../../../arm-none-eabi/lib/thumb/v7e-m+dp/hard/libg_nano.a(libc_a-memset.o)

.debug_line_str
                0x00000000       0x9d
 .debug_line_str
                0x00000000       0x9d CMakeFiles/H745DiscoTest_CM7.dir/Core/Startup/startup_stm32h745xx_CM7.s.obj

.debug_loclists
                0x00000000      0x227
 .debug_loclists
                0x00000000       0x65 /usr/lib/gcc/arm-none-eabi/13.2.1/../../../arm-none-eabi/lib/thumb/v7e-m+dp/hard/libg_nano.a(libc_a-init.o)
 .debug_loclists
                0x00000065      0x1c2 /usr/lib/gcc/arm-none-eabi/13.2.1/../../../arm-none-eabi/lib/thumb/v7e-m+dp/hard/libg_nano.a(libc_a-memset.o)
